<!doctype html public "-//w3c//dtd html 4.0 transitional//en">
<html><head>
<title>Static Call Graph - [..\OBJ\template.axf]</title></head>
<body><HR>
<H1>Static Call Graph for image ..\OBJ\template.axf</H1><HR>
<BR><P>#&#060CALLGRAPH&#062# ARM Linker, 5060061: Last Updated: Fri Apr 21 00:30:55 2023
<BR><P>
<H3>Maximum Stack Usage =        116 bytes + Unknown(Cycles, Untraceable Function Pointers)</H3><H3>
Call chain for Maximum Stack Depth:</H3>
main &rArr; USART_Configuration &rArr; USART_Init &rArr; CKCU_GetPeripFrequency &rArr; CKCU_GetClocksFrequency &rArr; CKCU_GetPLLFrequency
<P>
<H3>
Mutually Recursive functions
</H3> <LI><a href="#[e]">ADC_IRQHandler</a>&nbsp;&nbsp;&nbsp;&rArr;&nbsp;&nbsp;&nbsp;<a href="#[e]">ADC_IRQHandler</a><BR>
</UL>
<P>
<H3>
Function Pointers
</H3><UL>
 <LI><a href="#[e]">ADC_IRQHandler</a> from startup_ht32f5xxxx_01.o(RESET) referenced from startup_ht32f5xxxx_01.o(RESET)
 <LI><a href="#[14]">BFTM0_IRQHandler</a> from startup_ht32f5xxxx_01.o(RESET) referenced from startup_ht32f5xxxx_01.o(RESET)
 <LI><a href="#[15]">BFTM1_IRQHandler</a> from startup_ht32f5xxxx_01.o(RESET) referenced from startup_ht32f5xxxx_01.o(RESET)
 <LI><a href="#[23]">BootProcess</a> from startup_ht32f5xxxx_01.o(RESET) referenced from startup_ht32f5xxxx_01.o(RESET)
 <LI><a href="#[d]">COMP_IRQHandler</a> from startup_ht32f5xxxx_01.o(RESET) referenced from startup_ht32f5xxxx_01.o(RESET)
 <LI><a href="#[9]">EVWUP_IRQHandler</a> from startup_ht32f5xxxx_01.o(RESET) referenced from startup_ht32f5xxxx_01.o(RESET)
 <LI><a href="#[a]">EXTI0_1_IRQHandler</a> from startup_ht32f5xxxx_01.o(RESET) referenced from startup_ht32f5xxxx_01.o(RESET)
 <LI><a href="#[b]">EXTI2_3_IRQHandler</a> from startup_ht32f5xxxx_01.o(RESET) referenced from startup_ht32f5xxxx_01.o(RESET)
 <LI><a href="#[c]">EXTI4_15_IRQHandler</a> from startup_ht32f5xxxx_01.o(RESET) referenced from startup_ht32f5xxxx_01.o(RESET)
 <LI><a href="#[8]">FLASH_IRQHandler</a> from startup_ht32f5xxxx_01.o(RESET) referenced from startup_ht32f5xxxx_01.o(RESET)
 <LI><a href="#[11]">GPTM0_IRQHandler</a> from encoder.o(i.GPTM0_IRQHandler) referenced from startup_ht32f5xxxx_01.o(RESET)
 <LI><a href="#[10]">GPTM1_IRQHandler</a> from encoder.o(i.GPTM1_IRQHandler) referenced from startup_ht32f5xxxx_01.o(RESET)
 <LI><a href="#[2]">HardFault_Handler</a> from ht32f5xxxx_01_it.o(i.HardFault_Handler) referenced from startup_ht32f5xxxx_01.o(RESET)
 <LI><a href="#[16]">I2C0_IRQHandler</a> from startup_ht32f5xxxx_01.o(RESET) referenced from startup_ht32f5xxxx_01.o(RESET)
 <LI><a href="#[17]">I2C1_IRQHandler</a> from startup_ht32f5xxxx_01.o(RESET) referenced from startup_ht32f5xxxx_01.o(RESET)
 <LI><a href="#[1f]">I2S_IRQHandler</a> from startup_ht32f5xxxx_01.o(RESET) referenced from startup_ht32f5xxxx_01.o(RESET)
 <LI><a href="#[6]">LVD_BOD_IRQHandler</a> from startup_ht32f5xxxx_01.o(RESET) referenced from startup_ht32f5xxxx_01.o(RESET)
 <LI><a href="#[f]">MCTM0_IRQHandler</a> from startup_ht32f5xxxx_01.o(RESET) referenced from startup_ht32f5xxxx_01.o(RESET)
 <LI><a href="#[1]">NMI_Handler</a> from ht32f5xxxx_01_it.o(i.NMI_Handler) referenced from startup_ht32f5xxxx_01.o(RESET)
 <LI><a href="#[21]">PDMA_CH0_1_IRQHandler</a> from startup_ht32f5xxxx_01.o(RESET) referenced from startup_ht32f5xxxx_01.o(RESET)
 <LI><a href="#[22]">PDMA_CH2_5_IRQHandler</a> from startup_ht32f5xxxx_01.o(RESET) referenced from startup_ht32f5xxxx_01.o(RESET)
 <LI><a href="#[4]">PendSV_Handler</a> from ht32f5xxxx_01_it.o(i.PendSV_Handler) referenced from startup_ht32f5xxxx_01.o(RESET)
 <LI><a href="#[7]">RTC_IRQHandler</a> from startup_ht32f5xxxx_01.o(RESET) referenced from startup_ht32f5xxxx_01.o(RESET)
 <LI><a href="#[0]">Reset_Handler</a> from startup_ht32f5xxxx_01.o(RESET) referenced from startup_ht32f5xxxx_01.o(RESET)
 <LI><a href="#[1e]">SCI_IRQHandler</a> from startup_ht32f5xxxx_01.o(RESET) referenced from startup_ht32f5xxxx_01.o(RESET)
 <LI><a href="#[12]">SCTM0_IRQHandler</a> from startup_ht32f5xxxx_01.o(RESET) referenced from startup_ht32f5xxxx_01.o(RESET)
 <LI><a href="#[13]">SCTM1_IRQHandler</a> from startup_ht32f5xxxx_01.o(RESET) referenced from startup_ht32f5xxxx_01.o(RESET)
 <LI><a href="#[18]">SPI0_IRQHandler</a> from startup_ht32f5xxxx_01.o(RESET) referenced from startup_ht32f5xxxx_01.o(RESET)
 <LI><a href="#[19]">SPI1_IRQHandler</a> from startup_ht32f5xxxx_01.o(RESET) referenced from startup_ht32f5xxxx_01.o(RESET)
 <LI><a href="#[3]">SVC_Handler</a> from ht32f5xxxx_01_it.o(i.SVC_Handler) referenced from startup_ht32f5xxxx_01.o(RESET)
 <LI><a href="#[5]">SysTick_Handler</a> from ht32f5xxxx_01_it.o(i.SysTick_Handler) referenced from startup_ht32f5xxxx_01.o(RESET)
 <LI><a href="#[24]">SystemInit</a> from system_ht32f5xxxx_01.o(i.SystemInit) referenced from startup_ht32f5xxxx_01.o(RESET)
 <LI><a href="#[1c]">UART0_IRQHandler</a> from startup_ht32f5xxxx_01.o(RESET) referenced from startup_ht32f5xxxx_01.o(RESET)
 <LI><a href="#[1d]">UART1_IRQHandler</a> from startup_ht32f5xxxx_01.o(RESET) referenced from startup_ht32f5xxxx_01.o(RESET)
 <LI><a href="#[1a]">USART0_IRQHandler</a> from usart.o(i.USART0_IRQHandler) referenced from startup_ht32f5xxxx_01.o(RESET)
 <LI><a href="#[1b]">USART1_IRQHandler</a> from startup_ht32f5xxxx_01.o(RESET) referenced from startup_ht32f5xxxx_01.o(RESET)
 <LI><a href="#[20]">USB_IRQHandler</a> from startup_ht32f5xxxx_01.o(RESET) referenced from startup_ht32f5xxxx_01.o(RESET)
 <LI><a href="#[25]">__main</a> from entry.o(.ARM.Collect$$$$00000000) referenced from startup_ht32f5xxxx_01.o(RESET)
 <LI><a href="#[26]">main</a> from main.o(i.main) referenced from entry9a.o(.ARM.Collect$$$$0000000B)
</UL>
<P>
<H3>
Global Symbols
</H3>
<P><STRONG><a name="[0]"></a>Reset_Handler</STRONG> (Thumb, 12 bytes, Stack size 0 bytes, startup_ht32f5xxxx_01.o(RESET))
<BR>[Address Reference Count : 1]<UL><LI> startup_ht32f5xxxx_01.o(RESET)
</UL>
<P><STRONG><a name="[e]"></a>ADC_IRQHandler</STRONG> (Thumb, 0 bytes, Stack size 0 bytes, startup_ht32f5xxxx_01.o(RESET))
<BR><BR>[Calls]<UL><LI><a href="#[e]">&gt;&gt;</a>&nbsp;&nbsp;&nbsp;ADC_IRQHandler
</UL>
<BR>[Called By]<UL><LI><a href="#[e]">&gt;&gt;</a>&nbsp;&nbsp;&nbsp;ADC_IRQHandler
</UL>
<BR>[Address Reference Count : 1]<UL><LI> startup_ht32f5xxxx_01.o(RESET)
</UL>
<P><STRONG><a name="[27]"></a>AES_IRQHandler</STRONG> (Thumb, 0 bytes, Stack size 0 bytes, startup_ht32f5xxxx_01.o(RESET), UNUSED, KEPT)

<P><STRONG><a name="[14]"></a>BFTM0_IRQHandler</STRONG> (Thumb, 0 bytes, Stack size 0 bytes, startup_ht32f5xxxx_01.o(RESET))
<BR>[Address Reference Count : 1]<UL><LI> startup_ht32f5xxxx_01.o(RESET)
</UL>
<P><STRONG><a name="[15]"></a>BFTM1_IRQHandler</STRONG> (Thumb, 0 bytes, Stack size 0 bytes, startup_ht32f5xxxx_01.o(RESET))
<BR>[Address Reference Count : 1]<UL><LI> startup_ht32f5xxxx_01.o(RESET)
</UL>
<P><STRONG><a name="[d]"></a>COMP_IRQHandler</STRONG> (Thumb, 0 bytes, Stack size 0 bytes, startup_ht32f5xxxx_01.o(RESET))
<BR>[Address Reference Count : 1]<UL><LI> startup_ht32f5xxxx_01.o(RESET)
</UL>
<P><STRONG><a name="[9]"></a>EVWUP_IRQHandler</STRONG> (Thumb, 0 bytes, Stack size 0 bytes, startup_ht32f5xxxx_01.o(RESET))
<BR>[Address Reference Count : 1]<UL><LI> startup_ht32f5xxxx_01.o(RESET)
</UL>
<P><STRONG><a name="[a]"></a>EXTI0_1_IRQHandler</STRONG> (Thumb, 0 bytes, Stack size 0 bytes, startup_ht32f5xxxx_01.o(RESET))
<BR>[Address Reference Count : 1]<UL><LI> startup_ht32f5xxxx_01.o(RESET)
</UL>
<P><STRONG><a name="[b]"></a>EXTI2_3_IRQHandler</STRONG> (Thumb, 0 bytes, Stack size 0 bytes, startup_ht32f5xxxx_01.o(RESET))
<BR>[Address Reference Count : 1]<UL><LI> startup_ht32f5xxxx_01.o(RESET)
</UL>
<P><STRONG><a name="[c]"></a>EXTI4_15_IRQHandler</STRONG> (Thumb, 0 bytes, Stack size 0 bytes, startup_ht32f5xxxx_01.o(RESET))
<BR>[Address Reference Count : 1]<UL><LI> startup_ht32f5xxxx_01.o(RESET)
</UL>
<P><STRONG><a name="[8]"></a>FLASH_IRQHandler</STRONG> (Thumb, 0 bytes, Stack size 0 bytes, startup_ht32f5xxxx_01.o(RESET))
<BR>[Address Reference Count : 1]<UL><LI> startup_ht32f5xxxx_01.o(RESET)
</UL>
<P><STRONG><a name="[16]"></a>I2C0_IRQHandler</STRONG> (Thumb, 0 bytes, Stack size 0 bytes, startup_ht32f5xxxx_01.o(RESET))
<BR>[Address Reference Count : 1]<UL><LI> startup_ht32f5xxxx_01.o(RESET)
</UL>
<P><STRONG><a name="[17]"></a>I2C1_IRQHandler</STRONG> (Thumb, 0 bytes, Stack size 0 bytes, startup_ht32f5xxxx_01.o(RESET))
<BR>[Address Reference Count : 1]<UL><LI> startup_ht32f5xxxx_01.o(RESET)
</UL>
<P><STRONG><a name="[28]"></a>I2C2_IRQHandler</STRONG> (Thumb, 0 bytes, Stack size 0 bytes, startup_ht32f5xxxx_01.o(RESET), UNUSED, KEPT)

<P><STRONG><a name="[1f]"></a>I2S_IRQHandler</STRONG> (Thumb, 0 bytes, Stack size 0 bytes, startup_ht32f5xxxx_01.o(RESET))
<BR>[Address Reference Count : 1]<UL><LI> startup_ht32f5xxxx_01.o(RESET)
</UL>
<P><STRONG><a name="[6]"></a>LVD_BOD_IRQHandler</STRONG> (Thumb, 0 bytes, Stack size 0 bytes, startup_ht32f5xxxx_01.o(RESET))
<BR>[Address Reference Count : 1]<UL><LI> startup_ht32f5xxxx_01.o(RESET)
</UL>
<P><STRONG><a name="[f]"></a>MCTM0_IRQHandler</STRONG> (Thumb, 0 bytes, Stack size 0 bytes, startup_ht32f5xxxx_01.o(RESET))
<BR>[Address Reference Count : 1]<UL><LI> startup_ht32f5xxxx_01.o(RESET)
</UL>
<P><STRONG><a name="[29]"></a>MIDI_IRQHandler</STRONG> (Thumb, 0 bytes, Stack size 0 bytes, startup_ht32f5xxxx_01.o(RESET), UNUSED, KEPT)

<P><STRONG><a name="[21]"></a>PDMA_CH0_1_IRQHandler</STRONG> (Thumb, 0 bytes, Stack size 0 bytes, startup_ht32f5xxxx_01.o(RESET))
<BR>[Address Reference Count : 1]<UL><LI> startup_ht32f5xxxx_01.o(RESET)
</UL>
<P><STRONG><a name="[22]"></a>PDMA_CH2_5_IRQHandler</STRONG> (Thumb, 0 bytes, Stack size 0 bytes, startup_ht32f5xxxx_01.o(RESET))
<BR>[Address Reference Count : 1]<UL><LI> startup_ht32f5xxxx_01.o(RESET)
</UL>
<P><STRONG><a name="[2a]"></a>PWM0_IRQHandler</STRONG> (Thumb, 0 bytes, Stack size 0 bytes, startup_ht32f5xxxx_01.o(RESET), UNUSED, KEPT)

<P><STRONG><a name="[2b]"></a>PWM1_IRQHandler</STRONG> (Thumb, 0 bytes, Stack size 0 bytes, startup_ht32f5xxxx_01.o(RESET), UNUSED, KEPT)

<P><STRONG><a name="[2c]"></a>QSPI_IRQHandler</STRONG> (Thumb, 0 bytes, Stack size 0 bytes, startup_ht32f5xxxx_01.o(RESET), UNUSED, KEPT)

<P><STRONG><a name="[7]"></a>RTC_IRQHandler</STRONG> (Thumb, 0 bytes, Stack size 0 bytes, startup_ht32f5xxxx_01.o(RESET))
<BR>[Address Reference Count : 1]<UL><LI> startup_ht32f5xxxx_01.o(RESET)
</UL>
<P><STRONG><a name="[1e]"></a>SCI_IRQHandler</STRONG> (Thumb, 0 bytes, Stack size 0 bytes, startup_ht32f5xxxx_01.o(RESET))
<BR>[Address Reference Count : 1]<UL><LI> startup_ht32f5xxxx_01.o(RESET)
</UL>
<P><STRONG><a name="[12]"></a>SCTM0_IRQHandler</STRONG> (Thumb, 0 bytes, Stack size 0 bytes, startup_ht32f5xxxx_01.o(RESET))
<BR>[Address Reference Count : 1]<UL><LI> startup_ht32f5xxxx_01.o(RESET)
</UL>
<P><STRONG><a name="[13]"></a>SCTM1_IRQHandler</STRONG> (Thumb, 0 bytes, Stack size 0 bytes, startup_ht32f5xxxx_01.o(RESET))
<BR>[Address Reference Count : 1]<UL><LI> startup_ht32f5xxxx_01.o(RESET)
</UL>
<P><STRONG><a name="[2d]"></a>SCTM2_IRQHandler</STRONG> (Thumb, 0 bytes, Stack size 0 bytes, startup_ht32f5xxxx_01.o(RESET), UNUSED, KEPT)

<P><STRONG><a name="[2e]"></a>SCTM3_IRQHandler</STRONG> (Thumb, 0 bytes, Stack size 0 bytes, startup_ht32f5xxxx_01.o(RESET), UNUSED, KEPT)

<P><STRONG><a name="[18]"></a>SPI0_IRQHandler</STRONG> (Thumb, 0 bytes, Stack size 0 bytes, startup_ht32f5xxxx_01.o(RESET))
<BR>[Address Reference Count : 1]<UL><LI> startup_ht32f5xxxx_01.o(RESET)
</UL>
<P><STRONG><a name="[19]"></a>SPI1_IRQHandler</STRONG> (Thumb, 0 bytes, Stack size 0 bytes, startup_ht32f5xxxx_01.o(RESET))
<BR>[Address Reference Count : 1]<UL><LI> startup_ht32f5xxxx_01.o(RESET)
</UL>
<P><STRONG><a name="[1c]"></a>UART0_IRQHandler</STRONG> (Thumb, 0 bytes, Stack size 0 bytes, startup_ht32f5xxxx_01.o(RESET))
<BR>[Address Reference Count : 1]<UL><LI> startup_ht32f5xxxx_01.o(RESET)
</UL>
<P><STRONG><a name="[1d]"></a>UART1_IRQHandler</STRONG> (Thumb, 0 bytes, Stack size 0 bytes, startup_ht32f5xxxx_01.o(RESET))
<BR>[Address Reference Count : 1]<UL><LI> startup_ht32f5xxxx_01.o(RESET)
</UL>
<P><STRONG><a name="[2f]"></a>UART2_IRQHandler</STRONG> (Thumb, 0 bytes, Stack size 0 bytes, startup_ht32f5xxxx_01.o(RESET), UNUSED, KEPT)

<P><STRONG><a name="[30]"></a>UART3_IRQHandler</STRONG> (Thumb, 0 bytes, Stack size 0 bytes, startup_ht32f5xxxx_01.o(RESET), UNUSED, KEPT)

<P><STRONG><a name="[1b]"></a>USART1_IRQHandler</STRONG> (Thumb, 0 bytes, Stack size 0 bytes, startup_ht32f5xxxx_01.o(RESET))
<BR>[Address Reference Count : 1]<UL><LI> startup_ht32f5xxxx_01.o(RESET)
</UL>
<P><STRONG><a name="[20]"></a>USB_IRQHandler</STRONG> (Thumb, 0 bytes, Stack size 0 bytes, startup_ht32f5xxxx_01.o(RESET))
<BR>[Address Reference Count : 1]<UL><LI> startup_ht32f5xxxx_01.o(RESET)
</UL>
<P><STRONG><a name="[25]"></a>__main</STRONG> (Thumb, 0 bytes, Stack size unknown bytes, entry.o(.ARM.Collect$$$$00000000))
<BR>[Address Reference Count : 1]<UL><LI> startup_ht32f5xxxx_01.o(RESET)
</UL>
<P><STRONG><a name="[72]"></a>_main_stk</STRONG> (Thumb, 0 bytes, Stack size unknown bytes, entry2.o(.ARM.Collect$$$$00000001))

<P><STRONG><a name="[31]"></a>_main_scatterload</STRONG> (Thumb, 0 bytes, Stack size unknown bytes, entry5.o(.ARM.Collect$$$$00000004))
<BR><BR>[Calls]<UL><LI><a href="#[32]">&gt;&gt;</a>&nbsp;&nbsp;&nbsp;__scatterload
</UL>

<P><STRONG><a name="[3c]"></a>__main_after_scatterload</STRONG> (Thumb, 0 bytes, Stack size unknown bytes, entry5.o(.ARM.Collect$$$$00000004))
<BR><BR>[Called By]<UL><LI><a href="#[32]">&gt;&gt;</a>&nbsp;&nbsp;&nbsp;__scatterload
</UL>

<P><STRONG><a name="[73]"></a>_main_clock</STRONG> (Thumb, 0 bytes, Stack size unknown bytes, entry7b.o(.ARM.Collect$$$$00000008))

<P><STRONG><a name="[74]"></a>_main_cpp_init</STRONG> (Thumb, 0 bytes, Stack size unknown bytes, entry8b.o(.ARM.Collect$$$$0000000A))

<P><STRONG><a name="[75]"></a>_main_init</STRONG> (Thumb, 0 bytes, Stack size unknown bytes, entry9a.o(.ARM.Collect$$$$0000000B))

<P><STRONG><a name="[76]"></a>__rt_final_cpp</STRONG> (Thumb, 0 bytes, Stack size unknown bytes, entry10a.o(.ARM.Collect$$$$0000000D))

<P><STRONG><a name="[77]"></a>__rt_final_exit</STRONG> (Thumb, 0 bytes, Stack size unknown bytes, entry11a.o(.ARM.Collect$$$$0000000F))

<P><STRONG><a name="[78]"></a>__aeabi_uidiv</STRONG> (Thumb, 0 bytes, Stack size 12 bytes, uidiv.o(.text), UNUSED)

<P><STRONG><a name="[40]"></a>__aeabi_uidivmod</STRONG> (Thumb, 44 bytes, Stack size 12 bytes, uidiv.o(.text))
<BR><BR>[Stack]<UL><LI>Max Depth = 12<LI>Call Chain = __aeabi_uidivmod
</UL>
<BR>[Called By]<UL><LI><a href="#[52]">&gt;&gt;</a>&nbsp;&nbsp;&nbsp;delay_us
<LI><a href="#[66]">&gt;&gt;</a>&nbsp;&nbsp;&nbsp;USART_Init
<LI><a href="#[3d]">&gt;&gt;</a>&nbsp;&nbsp;&nbsp;CKCU_GetClocksFrequency
</UL>

<P><STRONG><a name="[33]"></a>__aeabi_ddiv</STRONG> (Thumb, 234 bytes, Stack size 40 bytes, ddiv.o(.text))
<BR><BR>[Stack]<UL><LI>Max Depth = 48<LI>Call Chain = __aeabi_ddiv &rArr; _double_round
</UL>
<BR>[Calls]<UL><LI><a href="#[34]">&gt;&gt;</a>&nbsp;&nbsp;&nbsp;_double_round
</UL>
<BR>[Called By]<UL><LI><a href="#[4e]">&gt;&gt;</a>&nbsp;&nbsp;&nbsp;Get_Weight
</UL>

<P><STRONG><a name="[35]"></a>__aeabi_i2f</STRONG> (Thumb, 22 bytes, Stack size 8 bytes, fflti.o(.text))
<BR><BR>[Stack]<UL><LI>Max Depth = 20<LI>Call Chain = __aeabi_i2f &rArr; _float_epilogue
</UL>
<BR>[Calls]<UL><LI><a href="#[36]">&gt;&gt;</a>&nbsp;&nbsp;&nbsp;_float_epilogue
</UL>
<BR>[Called By]<UL><LI><a href="#[4e]">&gt;&gt;</a>&nbsp;&nbsp;&nbsp;Get_Weight
</UL>

<P><STRONG><a name="[37]"></a>__aeabi_d2iz</STRONG> (Thumb, 62 bytes, Stack size 16 bytes, dfixi.o(.text))
<BR><BR>[Stack]<UL><LI>Max Depth = 24<LI>Call Chain = __aeabi_d2iz &rArr; __aeabi_llsr
</UL>
<BR>[Calls]<UL><LI><a href="#[38]">&gt;&gt;</a>&nbsp;&nbsp;&nbsp;__aeabi_llsr
</UL>
<BR>[Called By]<UL><LI><a href="#[4e]">&gt;&gt;</a>&nbsp;&nbsp;&nbsp;Get_Weight
</UL>

<P><STRONG><a name="[4f]"></a>__aeabi_f2d</STRONG> (Thumb, 40 bytes, Stack size 0 bytes, f2d.o(.text))
<BR><BR>[Called By]<UL><LI><a href="#[4e]">&gt;&gt;</a>&nbsp;&nbsp;&nbsp;Get_Weight
</UL>

<P><STRONG><a name="[3b]"></a>__aeabi_llsl</STRONG> (Thumb, 32 bytes, Stack size 8 bytes, llshl.o(.text), UNUSED)
<BR><BR>[Called By]<UL><LI><a href="#[39]">&gt;&gt;</a>&nbsp;&nbsp;&nbsp;_double_epilogue
</UL>

<P><STRONG><a name="[79]"></a>_ll_shift_l</STRONG> (Thumb, 0 bytes, Stack size 8 bytes, llshl.o(.text), UNUSED)

<P><STRONG><a name="[38]"></a>__aeabi_llsr</STRONG> (Thumb, 34 bytes, Stack size 8 bytes, llushr.o(.text))
<BR><BR>[Stack]<UL><LI>Max Depth = 8<LI>Call Chain = __aeabi_llsr
</UL>
<BR>[Called By]<UL><LI><a href="#[37]">&gt;&gt;</a>&nbsp;&nbsp;&nbsp;__aeabi_d2iz
<LI><a href="#[39]">&gt;&gt;</a>&nbsp;&nbsp;&nbsp;_double_epilogue
</UL>

<P><STRONG><a name="[7a]"></a>_ll_ushift_r</STRONG> (Thumb, 0 bytes, Stack size 8 bytes, llushr.o(.text), UNUSED)

<P><STRONG><a name="[7b]"></a>__I$use$fp</STRONG> (Thumb, 0 bytes, Stack size 0 bytes, iusefp.o(.text), UNUSED)

<P><STRONG><a name="[7c]"></a>_float_round</STRONG> (Thumb, 16 bytes, Stack size 0 bytes, fepilogue.o(.text), UNUSED)

<P><STRONG><a name="[36]"></a>_float_epilogue</STRONG> (Thumb, 114 bytes, Stack size 12 bytes, fepilogue.o(.text))
<BR><BR>[Stack]<UL><LI>Max Depth = 12<LI>Call Chain = _float_epilogue
</UL>
<BR>[Called By]<UL><LI><a href="#[35]">&gt;&gt;</a>&nbsp;&nbsp;&nbsp;__aeabi_i2f
</UL>

<P><STRONG><a name="[34]"></a>_double_round</STRONG> (Thumb, 26 bytes, Stack size 8 bytes, depilogue.o(.text))
<BR><BR>[Stack]<UL><LI>Max Depth = 8<LI>Call Chain = _double_round
</UL>
<BR>[Called By]<UL><LI><a href="#[33]">&gt;&gt;</a>&nbsp;&nbsp;&nbsp;__aeabi_ddiv
<LI><a href="#[39]">&gt;&gt;</a>&nbsp;&nbsp;&nbsp;_double_epilogue
</UL>

<P><STRONG><a name="[39]"></a>_double_epilogue</STRONG> (Thumb, 164 bytes, Stack size 48 bytes, depilogue.o(.text), UNUSED)
<BR><BR>[Calls]<UL><LI><a href="#[3a]">&gt;&gt;</a>&nbsp;&nbsp;&nbsp;__ARM_clz
<LI><a href="#[38]">&gt;&gt;</a>&nbsp;&nbsp;&nbsp;__aeabi_llsr
<LI><a href="#[3b]">&gt;&gt;</a>&nbsp;&nbsp;&nbsp;__aeabi_llsl
<LI><a href="#[34]">&gt;&gt;</a>&nbsp;&nbsp;&nbsp;_double_round
</UL>

<P><STRONG><a name="[32]"></a>__scatterload</STRONG> (Thumb, 28 bytes, Stack size 0 bytes, init.o(.text))
<BR><BR>[Calls]<UL><LI><a href="#[3c]">&gt;&gt;</a>&nbsp;&nbsp;&nbsp;__main_after_scatterload
</UL>
<BR>[Called By]<UL><LI><a href="#[31]">&gt;&gt;</a>&nbsp;&nbsp;&nbsp;_main_scatterload
</UL>

<P><STRONG><a name="[7d]"></a>__scatterload_rt2</STRONG> (Thumb, 0 bytes, Stack size 0 bytes, init.o(.text), UNUSED)

<P><STRONG><a name="[44]"></a>AFIO_GPxConfig</STRONG> (Thumb, 94 bytes, Stack size 32 bytes, ht32f5xxxx_gpio.o(i.AFIO_GPxConfig))
<BR><BR>[Stack]<UL><LI>Max Depth = 32<LI>Call Chain = AFIO_GPxConfig
</UL>
<BR>[Called By]<UL><LI><a href="#[48]">&gt;&gt;</a>&nbsp;&nbsp;&nbsp;GPIO_Init_out_pp
<LI><a href="#[42]">&gt;&gt;</a>&nbsp;&nbsp;&nbsp;GPIO_Init_ipu
<LI><a href="#[65]">&gt;&gt;</a>&nbsp;&nbsp;&nbsp;USART_Configuration
<LI><a href="#[5b]">&gt;&gt;</a>&nbsp;&nbsp;&nbsp;TM_Capture_Configuration
<LI><a href="#[55]">&gt;&gt;</a>&nbsp;&nbsp;&nbsp;MCTM_PWM_init
</UL>

<P><STRONG><a name="[3d]"></a>CKCU_GetClocksFrequency</STRONG> (Thumb, 130 bytes, Stack size 16 bytes, ht32f5xxxx_ckcu.o(i.CKCU_GetClocksFrequency))
<BR><BR>[Stack]<UL><LI>Max Depth = 36<LI>Call Chain = CKCU_GetClocksFrequency &rArr; CKCU_GetPLLFrequency
</UL>
<BR>[Calls]<UL><LI><a href="#[3f]">&gt;&gt;</a>&nbsp;&nbsp;&nbsp;__ARM_common_switch8
<LI><a href="#[3e]">&gt;&gt;</a>&nbsp;&nbsp;&nbsp;CKCU_GetPLLFrequency
<LI><a href="#[40]">&gt;&gt;</a>&nbsp;&nbsp;&nbsp;__aeabi_uidivmod
</UL>
<BR>[Called By]<UL><LI><a href="#[41]">&gt;&gt;</a>&nbsp;&nbsp;&nbsp;CKCU_GetPeripFrequency
</UL>

<P><STRONG><a name="[3e]"></a>CKCU_GetPLLFrequency</STRONG> (Thumb, 96 bytes, Stack size 20 bytes, ht32f5xxxx_ckcu.o(i.CKCU_GetPLLFrequency))
<BR><BR>[Stack]<UL><LI>Max Depth = 20<LI>Call Chain = CKCU_GetPLLFrequency
</UL>
<BR>[Called By]<UL><LI><a href="#[3d]">&gt;&gt;</a>&nbsp;&nbsp;&nbsp;CKCU_GetClocksFrequency
</UL>

<P><STRONG><a name="[41]"></a>CKCU_GetPeripFrequency</STRONG> (Thumb, 50 bytes, Stack size 32 bytes, ht32f5xxxx_ckcu.o(i.CKCU_GetPeripFrequency))
<BR><BR>[Stack]<UL><LI>Max Depth = 68<LI>Call Chain = CKCU_GetPeripFrequency &rArr; CKCU_GetClocksFrequency &rArr; CKCU_GetPLLFrequency
</UL>
<BR>[Calls]<UL><LI><a href="#[3d]">&gt;&gt;</a>&nbsp;&nbsp;&nbsp;CKCU_GetClocksFrequency
</UL>
<BR>[Called By]<UL><LI><a href="#[66]">&gt;&gt;</a>&nbsp;&nbsp;&nbsp;USART_Init
</UL>

<P><STRONG><a name="[43]"></a>CKCU_PeripClockConfig</STRONG> (Thumb, 60 bytes, Stack size 28 bytes, ht32f5xxxx_ckcu.o(i.CKCU_PeripClockConfig))
<BR><BR>[Stack]<UL><LI>Max Depth = 28<LI>Call Chain = CKCU_PeripClockConfig
</UL>
<BR>[Called By]<UL><LI><a href="#[48]">&gt;&gt;</a>&nbsp;&nbsp;&nbsp;GPIO_Init_out_pp
<LI><a href="#[42]">&gt;&gt;</a>&nbsp;&nbsp;&nbsp;GPIO_Init_ipu
<LI><a href="#[65]">&gt;&gt;</a>&nbsp;&nbsp;&nbsp;USART_Configuration
<LI><a href="#[5b]">&gt;&gt;</a>&nbsp;&nbsp;&nbsp;TM_Capture_Configuration
<LI><a href="#[55]">&gt;&gt;</a>&nbsp;&nbsp;&nbsp;MCTM_PWM_init
</UL>

<P><STRONG><a name="[53]"></a>GPIO_ClearOutBits</STRONG> (Thumb, 4 bytes, Stack size 0 bytes, ht32f5xxxx_gpio.o(i.GPIO_ClearOutBits))
<BR><BR>[Called By]<UL><LI><a href="#[4d]">&gt;&gt;</a>&nbsp;&nbsp;&nbsp;HX711_Read_1
</UL>

<P><STRONG><a name="[46]"></a>GPIO_DirectionConfig</STRONG> (Thumb, 20 bytes, Stack size 0 bytes, ht32f5xxxx_gpio.o(i.GPIO_DirectionConfig))
<BR><BR>[Called By]<UL><LI><a href="#[48]">&gt;&gt;</a>&nbsp;&nbsp;&nbsp;GPIO_Init_out_pp
<LI><a href="#[42]">&gt;&gt;</a>&nbsp;&nbsp;&nbsp;GPIO_Init_ipu
</UL>

<P><STRONG><a name="[42]"></a>GPIO_Init_ipu</STRONG> (Thumb, 84 bytes, Stack size 16 bytes, hx711.o(i.GPIO_Init_ipu))
<BR><BR>[Stack]<UL><LI>Max Depth = 48<LI>Call Chain = GPIO_Init_ipu &rArr; AFIO_GPxConfig
</UL>
<BR>[Calls]<UL><LI><a href="#[45]">&gt;&gt;</a>&nbsp;&nbsp;&nbsp;GPIO_PullResistorConfig
<LI><a href="#[47]">&gt;&gt;</a>&nbsp;&nbsp;&nbsp;GPIO_InputConfig
<LI><a href="#[44]">&gt;&gt;</a>&nbsp;&nbsp;&nbsp;AFIO_GPxConfig
<LI><a href="#[46]">&gt;&gt;</a>&nbsp;&nbsp;&nbsp;GPIO_DirectionConfig
<LI><a href="#[43]">&gt;&gt;</a>&nbsp;&nbsp;&nbsp;CKCU_PeripClockConfig
</UL>
<BR>[Called By]<UL><LI><a href="#[50]">&gt;&gt;</a>&nbsp;&nbsp;&nbsp;HX711_Init
</UL>

<P><STRONG><a name="[48]"></a>GPIO_Init_out_pp</STRONG> (Thumb, 86 bytes, Stack size 16 bytes, hx711.o(i.GPIO_Init_out_pp))
<BR><BR>[Stack]<UL><LI>Max Depth = 48<LI>Call Chain = GPIO_Init_out_pp &rArr; AFIO_GPxConfig
</UL>
<BR>[Calls]<UL><LI><a href="#[45]">&gt;&gt;</a>&nbsp;&nbsp;&nbsp;GPIO_PullResistorConfig
<LI><a href="#[44]">&gt;&gt;</a>&nbsp;&nbsp;&nbsp;AFIO_GPxConfig
<LI><a href="#[49]">&gt;&gt;</a>&nbsp;&nbsp;&nbsp;GPIO_WriteOutBits
<LI><a href="#[46]">&gt;&gt;</a>&nbsp;&nbsp;&nbsp;GPIO_DirectionConfig
<LI><a href="#[43]">&gt;&gt;</a>&nbsp;&nbsp;&nbsp;CKCU_PeripClockConfig
</UL>
<BR>[Called By]<UL><LI><a href="#[50]">&gt;&gt;</a>&nbsp;&nbsp;&nbsp;HX711_Init
</UL>

<P><STRONG><a name="[47]"></a>GPIO_InputConfig</STRONG> (Thumb, 20 bytes, Stack size 0 bytes, ht32f5xxxx_gpio.o(i.GPIO_InputConfig))
<BR><BR>[Called By]<UL><LI><a href="#[42]">&gt;&gt;</a>&nbsp;&nbsp;&nbsp;GPIO_Init_ipu
</UL>

<P><STRONG><a name="[45]"></a>GPIO_PullResistorConfig</STRONG> (Thumb, 50 bytes, Stack size 0 bytes, ht32f5xxxx_gpio.o(i.GPIO_PullResistorConfig))
<BR><BR>[Called By]<UL><LI><a href="#[48]">&gt;&gt;</a>&nbsp;&nbsp;&nbsp;GPIO_Init_out_pp
<LI><a href="#[42]">&gt;&gt;</a>&nbsp;&nbsp;&nbsp;GPIO_Init_ipu
</UL>

<P><STRONG><a name="[54]"></a>GPIO_ReadInBit</STRONG> (Thumb, 18 bytes, Stack size 0 bytes, ht32f5xxxx_gpio.o(i.GPIO_ReadInBit))
<BR><BR>[Called By]<UL><LI><a href="#[4d]">&gt;&gt;</a>&nbsp;&nbsp;&nbsp;HX711_Read_1
</UL>

<P><STRONG><a name="[51]"></a>GPIO_SetOutBits</STRONG> (Thumb, 4 bytes, Stack size 0 bytes, ht32f5xxxx_gpio.o(i.GPIO_SetOutBits))
<BR><BR>[Called By]<UL><LI><a href="#[4d]">&gt;&gt;</a>&nbsp;&nbsp;&nbsp;HX711_Read_1
<LI><a href="#[50]">&gt;&gt;</a>&nbsp;&nbsp;&nbsp;HX711_Init
</UL>

<P><STRONG><a name="[49]"></a>GPIO_WriteOutBits</STRONG> (Thumb, 12 bytes, Stack size 0 bytes, ht32f5xxxx_gpio.o(i.GPIO_WriteOutBits))
<BR><BR>[Called By]<UL><LI><a href="#[48]">&gt;&gt;</a>&nbsp;&nbsp;&nbsp;GPIO_Init_out_pp
</UL>

<P><STRONG><a name="[11]"></a>GPTM0_IRQHandler</STRONG> (Thumb, 46 bytes, Stack size 8 bytes, encoder.o(i.GPTM0_IRQHandler))
<BR><BR>[Stack]<UL><LI>Max Depth = 16<LI>Call Chain = GPTM0_IRQHandler &rArr; TM_GetIntStatus
</UL>
<BR>[Calls]<UL><LI><a href="#[4a]">&gt;&gt;</a>&nbsp;&nbsp;&nbsp;TM_GetIntStatus
<LI><a href="#[4b]">&gt;&gt;</a>&nbsp;&nbsp;&nbsp;TM_ClearIntPendingBit
</UL>
<BR>[Address Reference Count : 1]<UL><LI> startup_ht32f5xxxx_01.o(RESET)
</UL>
<P><STRONG><a name="[10]"></a>GPTM1_IRQHandler</STRONG> (Thumb, 46 bytes, Stack size 8 bytes, encoder.o(i.GPTM1_IRQHandler))
<BR><BR>[Stack]<UL><LI>Max Depth = 16<LI>Call Chain = GPTM1_IRQHandler &rArr; TM_GetIntStatus
</UL>
<BR>[Calls]<UL><LI><a href="#[4a]">&gt;&gt;</a>&nbsp;&nbsp;&nbsp;TM_GetIntStatus
<LI><a href="#[4b]">&gt;&gt;</a>&nbsp;&nbsp;&nbsp;TM_ClearIntPendingBit
</UL>
<BR>[Address Reference Count : 1]<UL><LI> startup_ht32f5xxxx_01.o(RESET)
</UL>
<P><STRONG><a name="[4c]"></a>Get_Basic</STRONG> (Thumb, 12 bytes, Stack size 8 bytes, hx711.o(i.Get_Basic))
<BR><BR>[Stack]<UL><LI>Max Depth = 52<LI>Call Chain = Get_Basic &rArr; HX711_Read_1 &rArr; delay_us &rArr; __aeabi_uidivmod
</UL>
<BR>[Calls]<UL><LI><a href="#[4d]">&gt;&gt;</a>&nbsp;&nbsp;&nbsp;HX711_Read_1
</UL>
<BR>[Called By]<UL><LI><a href="#[26]">&gt;&gt;</a>&nbsp;&nbsp;&nbsp;main
</UL>

<P><STRONG><a name="[4e]"></a>Get_Weight</STRONG> (Thumb, 88 bytes, Stack size 24 bytes, hx711.o(i.Get_Weight))
<BR><BR>[Stack]<UL><LI>Max Depth = 72<LI>Call Chain = Get_Weight &rArr; __aeabi_ddiv &rArr; _double_round
</UL>
<BR>[Calls]<UL><LI><a href="#[35]">&gt;&gt;</a>&nbsp;&nbsp;&nbsp;__aeabi_i2f
<LI><a href="#[4f]">&gt;&gt;</a>&nbsp;&nbsp;&nbsp;__aeabi_f2d
<LI><a href="#[33]">&gt;&gt;</a>&nbsp;&nbsp;&nbsp;__aeabi_ddiv
<LI><a href="#[37]">&gt;&gt;</a>&nbsp;&nbsp;&nbsp;__aeabi_d2iz
<LI><a href="#[4d]">&gt;&gt;</a>&nbsp;&nbsp;&nbsp;HX711_Read_1
</UL>
<BR>[Called By]<UL><LI><a href="#[26]">&gt;&gt;</a>&nbsp;&nbsp;&nbsp;main
</UL>

<P><STRONG><a name="[50]"></a>HX711_Init</STRONG> (Thumb, 20 bytes, Stack size 8 bytes, hx711.o(i.HX711_Init))
<BR><BR>[Stack]<UL><LI>Max Depth = 56<LI>Call Chain = HX711_Init &rArr; GPIO_Init_out_pp &rArr; AFIO_GPxConfig
</UL>
<BR>[Calls]<UL><LI><a href="#[51]">&gt;&gt;</a>&nbsp;&nbsp;&nbsp;GPIO_SetOutBits
<LI><a href="#[48]">&gt;&gt;</a>&nbsp;&nbsp;&nbsp;GPIO_Init_out_pp
<LI><a href="#[42]">&gt;&gt;</a>&nbsp;&nbsp;&nbsp;GPIO_Init_ipu
</UL>
<BR>[Called By]<UL><LI><a href="#[26]">&gt;&gt;</a>&nbsp;&nbsp;&nbsp;main
</UL>

<P><STRONG><a name="[4d]"></a>HX711_Read_1</STRONG> (Thumb, 138 bytes, Stack size 16 bytes, hx711.o(i.HX711_Read_1))
<BR><BR>[Stack]<UL><LI>Max Depth = 44<LI>Call Chain = HX711_Read_1 &rArr; delay_us &rArr; __aeabi_uidivmod
</UL>
<BR>[Calls]<UL><LI><a href="#[51]">&gt;&gt;</a>&nbsp;&nbsp;&nbsp;GPIO_SetOutBits
<LI><a href="#[54]">&gt;&gt;</a>&nbsp;&nbsp;&nbsp;GPIO_ReadInBit
<LI><a href="#[53]">&gt;&gt;</a>&nbsp;&nbsp;&nbsp;GPIO_ClearOutBits
<LI><a href="#[52]">&gt;&gt;</a>&nbsp;&nbsp;&nbsp;delay_us
</UL>
<BR>[Called By]<UL><LI><a href="#[4e]">&gt;&gt;</a>&nbsp;&nbsp;&nbsp;Get_Weight
<LI><a href="#[4c]">&gt;&gt;</a>&nbsp;&nbsp;&nbsp;Get_Basic
</UL>

<P><STRONG><a name="[2]"></a>HardFault_Handler</STRONG> (Thumb, 12 bytes, Stack size 0 bytes, ht32f5xxxx_01_it.o(i.HardFault_Handler))
<BR>[Address Reference Count : 1]<UL><LI> startup_ht32f5xxxx_01.o(RESET)
</UL>
<P><STRONG><a name="[5a]"></a>MCTM_CHMOECmd</STRONG> (Thumb, 24 bytes, Stack size 0 bytes, ht32f5xxxx_mctm.o(i.MCTM_CHMOECmd))
<BR><BR>[Called By]<UL><LI><a href="#[55]">&gt;&gt;</a>&nbsp;&nbsp;&nbsp;MCTM_PWM_init
</UL>

<P><STRONG><a name="[55]"></a>MCTM_PWM_init</STRONG> (Thumb, 252 bytes, Stack size 48 bytes, pwm.o(i.MCTM_PWM_init))
<BR><BR>[Stack]<UL><LI>Max Depth = 80<LI>Call Chain = MCTM_PWM_init &rArr; AFIO_GPxConfig
</UL>
<BR>[Calls]<UL><LI><a href="#[56]">&gt;&gt;</a>&nbsp;&nbsp;&nbsp;TM_TimeBaseInit
<LI><a href="#[58]">&gt;&gt;</a>&nbsp;&nbsp;&nbsp;TM_OutputInit
<LI><a href="#[59]">&gt;&gt;</a>&nbsp;&nbsp;&nbsp;TM_Cmd
<LI><a href="#[57]">&gt;&gt;</a>&nbsp;&nbsp;&nbsp;TM_CRRPreloadCmd
<LI><a href="#[5a]">&gt;&gt;</a>&nbsp;&nbsp;&nbsp;MCTM_CHMOECmd
<LI><a href="#[44]">&gt;&gt;</a>&nbsp;&nbsp;&nbsp;AFIO_GPxConfig
<LI><a href="#[43]">&gt;&gt;</a>&nbsp;&nbsp;&nbsp;CKCU_PeripClockConfig
</UL>
<BR>[Called By]<UL><LI><a href="#[26]">&gt;&gt;</a>&nbsp;&nbsp;&nbsp;main
</UL>

<P><STRONG><a name="[1]"></a>NMI_Handler</STRONG> (Thumb, 2 bytes, Stack size 0 bytes, ht32f5xxxx_01_it.o(i.NMI_Handler))
<BR>[Address Reference Count : 1]<UL><LI> startup_ht32f5xxxx_01.o(RESET)
</UL>
<P><STRONG><a name="[4]"></a>PendSV_Handler</STRONG> (Thumb, 2 bytes, Stack size 0 bytes, ht32f5xxxx_01_it.o(i.PendSV_Handler))
<BR>[Address Reference Count : 1]<UL><LI> startup_ht32f5xxxx_01.o(RESET)
</UL>
<P><STRONG><a name="[3]"></a>SVC_Handler</STRONG> (Thumb, 2 bytes, Stack size 0 bytes, ht32f5xxxx_01_it.o(i.SVC_Handler))
<BR>[Address Reference Count : 1]<UL><LI> startup_ht32f5xxxx_01.o(RESET)
</UL>
<P><STRONG><a name="[6e]"></a>SYSTICK_ClockSourceConfig</STRONG> (Thumb, 32 bytes, Stack size 0 bytes, ht32_cm0plus_misc.o(i.SYSTICK_ClockSourceConfig))
<BR><BR>[Called By]<UL><LI><a href="#[52]">&gt;&gt;</a>&nbsp;&nbsp;&nbsp;delay_us
</UL>

<P><STRONG><a name="[71]"></a>SYSTICK_CounterCmd</STRONG> (Thumb, 44 bytes, Stack size 0 bytes, ht32_cm0plus_misc.o(i.SYSTICK_CounterCmd))
<BR><BR>[Called By]<UL><LI><a href="#[52]">&gt;&gt;</a>&nbsp;&nbsp;&nbsp;delay_us
</UL>

<P><STRONG><a name="[70]"></a>SYSTICK_IntConfig</STRONG> (Thumb, 32 bytes, Stack size 0 bytes, ht32_cm0plus_misc.o(i.SYSTICK_IntConfig))
<BR><BR>[Called By]<UL><LI><a href="#[52]">&gt;&gt;</a>&nbsp;&nbsp;&nbsp;delay_us
</UL>

<P><STRONG><a name="[6f]"></a>SYSTICK_SetReloadValue</STRONG> (Thumb, 6 bytes, Stack size 0 bytes, ht32_cm0plus_misc.o(i.SYSTICK_SetReloadValue))
<BR><BR>[Called By]<UL><LI><a href="#[52]">&gt;&gt;</a>&nbsp;&nbsp;&nbsp;delay_us
</UL>

<P><STRONG><a name="[5]"></a>SysTick_Handler</STRONG> (Thumb, 2 bytes, Stack size 0 bytes, ht32f5xxxx_01_it.o(i.SysTick_Handler))
<BR>[Address Reference Count : 1]<UL><LI> startup_ht32f5xxxx_01.o(RESET)
</UL>
<P><STRONG><a name="[24]"></a>SystemInit</STRONG> (Thumb, 354 bytes, Stack size 0 bytes, system_ht32f5xxxx_01.o(i.SystemInit))
<BR>[Address Reference Count : 1]<UL><LI> startup_ht32f5xxxx_01.o(RESET)
</UL>
<P><STRONG><a name="[57]"></a>TM_CRRPreloadCmd</STRONG> (Thumb, 24 bytes, Stack size 0 bytes, ht32f5xxxx_tm.o(i.TM_CRRPreloadCmd))
<BR><BR>[Called By]<UL><LI><a href="#[55]">&gt;&gt;</a>&nbsp;&nbsp;&nbsp;MCTM_PWM_init
</UL>

<P><STRONG><a name="[5b]"></a>TM_Capture_Configuration</STRONG> (Thumb, 278 bytes, Stack size 24 bytes, encoder.o(i.TM_Capture_Configuration))
<BR><BR>[Stack]<UL><LI>Max Depth = 84<LI>Call Chain = TM_Capture_Configuration &rArr; TM_ChExternalClockConfig &rArr; _TM_CHx_Config
</UL>
<BR>[Calls]<UL><LI><a href="#[5f]">&gt;&gt;</a>&nbsp;&nbsp;&nbsp;TM_IntConfig
<LI><a href="#[5c]">&gt;&gt;</a>&nbsp;&nbsp;&nbsp;TM_DecoderConfig
<LI><a href="#[5e]">&gt;&gt;</a>&nbsp;&nbsp;&nbsp;TM_ClearFlag
<LI><a href="#[5d]">&gt;&gt;</a>&nbsp;&nbsp;&nbsp;TM_ChExternalClockConfig
<LI><a href="#[60]">&gt;&gt;</a>&nbsp;&nbsp;&nbsp;NVIC_EnableIRQ
<LI><a href="#[56]">&gt;&gt;</a>&nbsp;&nbsp;&nbsp;TM_TimeBaseInit
<LI><a href="#[59]">&gt;&gt;</a>&nbsp;&nbsp;&nbsp;TM_Cmd
<LI><a href="#[44]">&gt;&gt;</a>&nbsp;&nbsp;&nbsp;AFIO_GPxConfig
<LI><a href="#[43]">&gt;&gt;</a>&nbsp;&nbsp;&nbsp;CKCU_PeripClockConfig
</UL>
<BR>[Called By]<UL><LI><a href="#[26]">&gt;&gt;</a>&nbsp;&nbsp;&nbsp;main
</UL>

<P><STRONG><a name="[5d]"></a>TM_ChExternalClockConfig</STRONG> (Thumb, 66 bytes, Stack size 24 bytes, ht32f5xxxx_tm.o(i.TM_ChExternalClockConfig))
<BR><BR>[Stack]<UL><LI>Max Depth = 60<LI>Call Chain = TM_ChExternalClockConfig &rArr; _TM_CHx_Config
</UL>
<BR>[Calls]<UL><LI><a href="#[62]">&gt;&gt;</a>&nbsp;&nbsp;&nbsp;TM_StiConfig
<LI><a href="#[61]">&gt;&gt;</a>&nbsp;&nbsp;&nbsp;_TM_CHx_Config
</UL>
<BR>[Called By]<UL><LI><a href="#[5b]">&gt;&gt;</a>&nbsp;&nbsp;&nbsp;TM_Capture_Configuration
</UL>

<P><STRONG><a name="[5e]"></a>TM_ClearFlag</STRONG> (Thumb, 10 bytes, Stack size 0 bytes, ht32f5xxxx_tm.o(i.TM_ClearFlag))
<BR><BR>[Called By]<UL><LI><a href="#[5b]">&gt;&gt;</a>&nbsp;&nbsp;&nbsp;TM_Capture_Configuration
</UL>

<P><STRONG><a name="[4b]"></a>TM_ClearIntPendingBit</STRONG> (Thumb, 10 bytes, Stack size 0 bytes, ht32f5xxxx_tm.o(i.TM_ClearIntPendingBit))
<BR><BR>[Called By]<UL><LI><a href="#[10]">&gt;&gt;</a>&nbsp;&nbsp;&nbsp;GPTM1_IRQHandler
<LI><a href="#[11]">&gt;&gt;</a>&nbsp;&nbsp;&nbsp;GPTM0_IRQHandler
</UL>

<P><STRONG><a name="[59]"></a>TM_Cmd</STRONG> (Thumb, 24 bytes, Stack size 0 bytes, ht32f5xxxx_tm.o(i.TM_Cmd))
<BR><BR>[Called By]<UL><LI><a href="#[5b]">&gt;&gt;</a>&nbsp;&nbsp;&nbsp;TM_Capture_Configuration
<LI><a href="#[55]">&gt;&gt;</a>&nbsp;&nbsp;&nbsp;MCTM_PWM_init
</UL>

<P><STRONG><a name="[5c]"></a>TM_DecoderConfig</STRONG> (Thumb, 78 bytes, Stack size 36 bytes, ht32f5xxxx_tm.o(i.TM_DecoderConfig))
<BR><BR>[Stack]<UL><LI>Max Depth = 36<LI>Call Chain = TM_DecoderConfig
</UL>
<BR>[Called By]<UL><LI><a href="#[5b]">&gt;&gt;</a>&nbsp;&nbsp;&nbsp;TM_Capture_Configuration
</UL>

<P><STRONG><a name="[4a]"></a>TM_GetIntStatus</STRONG> (Thumb, 32 bytes, Stack size 8 bytes, ht32f5xxxx_tm.o(i.TM_GetIntStatus))
<BR><BR>[Stack]<UL><LI>Max Depth = 8<LI>Call Chain = TM_GetIntStatus
</UL>
<BR>[Called By]<UL><LI><a href="#[10]">&gt;&gt;</a>&nbsp;&nbsp;&nbsp;GPTM1_IRQHandler
<LI><a href="#[11]">&gt;&gt;</a>&nbsp;&nbsp;&nbsp;GPTM0_IRQHandler
</UL>

<P><STRONG><a name="[5f]"></a>TM_IntConfig</STRONG> (Thumb, 20 bytes, Stack size 0 bytes, ht32f5xxxx_tm.o(i.TM_IntConfig))
<BR><BR>[Called By]<UL><LI><a href="#[5b]">&gt;&gt;</a>&nbsp;&nbsp;&nbsp;TM_Capture_Configuration
</UL>

<P><STRONG><a name="[58]"></a>TM_OutputInit</STRONG> (Thumb, 196 bytes, Stack size 28 bytes, ht32f5xxxx_tm.o(i.TM_OutputInit))
<BR><BR>[Stack]<UL><LI>Max Depth = 28<LI>Call Chain = TM_OutputInit
</UL>
<BR>[Called By]<UL><LI><a href="#[55]">&gt;&gt;</a>&nbsp;&nbsp;&nbsp;MCTM_PWM_init
</UL>

<P><STRONG><a name="[62]"></a>TM_StiConfig</STRONG> (Thumb, 30 bytes, Stack size 8 bytes, ht32f5xxxx_tm.o(i.TM_StiConfig))
<BR><BR>[Stack]<UL><LI>Max Depth = 8<LI>Call Chain = TM_StiConfig
</UL>
<BR>[Called By]<UL><LI><a href="#[5d]">&gt;&gt;</a>&nbsp;&nbsp;&nbsp;TM_ChExternalClockConfig
</UL>

<P><STRONG><a name="[56]"></a>TM_TimeBaseInit</STRONG> (Thumb, 58 bytes, Stack size 0 bytes, ht32f5xxxx_tm.o(i.TM_TimeBaseInit))
<BR><BR>[Called By]<UL><LI><a href="#[5b]">&gt;&gt;</a>&nbsp;&nbsp;&nbsp;TM_Capture_Configuration
<LI><a href="#[55]">&gt;&gt;</a>&nbsp;&nbsp;&nbsp;MCTM_PWM_init
</UL>

<P><STRONG><a name="[1a]"></a>USART0_IRQHandler</STRONG> (Thumb, 42 bytes, Stack size 8 bytes, usart.o(i.USART0_IRQHandler))
<BR><BR>[Stack]<UL><LI>Max Depth = 8<LI>Call Chain = USART0_IRQHandler
</UL>
<BR>[Calls]<UL><LI><a href="#[64]">&gt;&gt;</a>&nbsp;&nbsp;&nbsp;USART_ReceiveData
<LI><a href="#[63]">&gt;&gt;</a>&nbsp;&nbsp;&nbsp;USART_GetFlagStatus
</UL>
<BR>[Address Reference Count : 1]<UL><LI> startup_ht32f5xxxx_01.o(RESET)
</UL>
<P><STRONG><a name="[65]"></a>USART_Configuration</STRONG> (Thumb, 142 bytes, Stack size 32 bytes, usart.o(i.USART_Configuration))
<BR><BR>[Stack]<UL><LI>Max Depth = 116<LI>Call Chain = USART_Configuration &rArr; USART_Init &rArr; CKCU_GetPeripFrequency &rArr; CKCU_GetClocksFrequency &rArr; CKCU_GetPLLFrequency
</UL>
<BR>[Calls]<UL><LI><a href="#[67]">&gt;&gt;</a>&nbsp;&nbsp;&nbsp;USART_TxRxCmd
<LI><a href="#[68]">&gt;&gt;</a>&nbsp;&nbsp;&nbsp;USART_IntConfig
<LI><a href="#[66]">&gt;&gt;</a>&nbsp;&nbsp;&nbsp;USART_Init
<LI><a href="#[44]">&gt;&gt;</a>&nbsp;&nbsp;&nbsp;AFIO_GPxConfig
<LI><a href="#[43]">&gt;&gt;</a>&nbsp;&nbsp;&nbsp;CKCU_PeripClockConfig
</UL>
<BR>[Called By]<UL><LI><a href="#[26]">&gt;&gt;</a>&nbsp;&nbsp;&nbsp;main
</UL>

<P><STRONG><a name="[63]"></a>USART_GetFlagStatus</STRONG> (Thumb, 18 bytes, Stack size 0 bytes, ht32f5xxxx_usart.o(i.USART_GetFlagStatus))
<BR><BR>[Called By]<UL><LI><a href="#[6a]">&gt;&gt;</a>&nbsp;&nbsp;&nbsp;Usart_Sendbyte
<LI><a href="#[1a]">&gt;&gt;</a>&nbsp;&nbsp;&nbsp;USART0_IRQHandler
</UL>

<P><STRONG><a name="[66]"></a>USART_Init</STRONG> (Thumb, 122 bytes, Stack size 16 bytes, ht32f5xxxx_usart.o(i.USART_Init))
<BR><BR>[Stack]<UL><LI>Max Depth = 84<LI>Call Chain = USART_Init &rArr; CKCU_GetPeripFrequency &rArr; CKCU_GetClocksFrequency &rArr; CKCU_GetPLLFrequency
</UL>
<BR>[Calls]<UL><LI><a href="#[41]">&gt;&gt;</a>&nbsp;&nbsp;&nbsp;CKCU_GetPeripFrequency
<LI><a href="#[40]">&gt;&gt;</a>&nbsp;&nbsp;&nbsp;__aeabi_uidivmod
</UL>
<BR>[Called By]<UL><LI><a href="#[65]">&gt;&gt;</a>&nbsp;&nbsp;&nbsp;USART_Configuration
</UL>

<P><STRONG><a name="[68]"></a>USART_IntConfig</STRONG> (Thumb, 20 bytes, Stack size 0 bytes, ht32f5xxxx_usart.o(i.USART_IntConfig))
<BR><BR>[Called By]<UL><LI><a href="#[65]">&gt;&gt;</a>&nbsp;&nbsp;&nbsp;USART_Configuration
</UL>

<P><STRONG><a name="[64]"></a>USART_ReceiveData</STRONG> (Thumb, 8 bytes, Stack size 0 bytes, ht32f5xxxx_usart.o(i.USART_ReceiveData))
<BR><BR>[Called By]<UL><LI><a href="#[1a]">&gt;&gt;</a>&nbsp;&nbsp;&nbsp;USART0_IRQHandler
</UL>

<P><STRONG><a name="[6d]"></a>USART_SendData</STRONG> (Thumb, 4 bytes, Stack size 0 bytes, ht32f5xxxx_usart.o(i.USART_SendData))
<BR><BR>[Called By]<UL><LI><a href="#[6a]">&gt;&gt;</a>&nbsp;&nbsp;&nbsp;Usart_Sendbyte
</UL>

<P><STRONG><a name="[67]"></a>USART_TxRxCmd</STRONG> (Thumb, 30 bytes, Stack size 8 bytes, ht32f5xxxx_usart.o(i.USART_TxRxCmd))
<BR><BR>[Stack]<UL><LI>Max Depth = 8<LI>Call Chain = USART_TxRxCmd
</UL>
<BR>[Called By]<UL><LI><a href="#[65]">&gt;&gt;</a>&nbsp;&nbsp;&nbsp;USART_Configuration
</UL>

<P><STRONG><a name="[69]"></a>Ultrasonic_Ranging</STRONG> (Thumb, 66 bytes, Stack size 16 bytes, usart.o(i.Ultrasonic_Ranging))
<BR><BR>[Stack]<UL><LI>Max Depth = 52<LI>Call Chain = Ultrasonic_Ranging &rArr; delay_ms &rArr; delay_us &rArr; __aeabi_uidivmod
</UL>
<BR>[Calls]<UL><LI><a href="#[6c]">&gt;&gt;</a>&nbsp;&nbsp;&nbsp;clear_buff2
<LI><a href="#[6a]">&gt;&gt;</a>&nbsp;&nbsp;&nbsp;Usart_Sendbyte
<LI><a href="#[6b]">&gt;&gt;</a>&nbsp;&nbsp;&nbsp;delay_ms
</UL>
<BR>[Called By]<UL><LI><a href="#[26]">&gt;&gt;</a>&nbsp;&nbsp;&nbsp;main
</UL>

<P><STRONG><a name="[6a]"></a>Usart_Sendbyte</STRONG> (Thumb, 30 bytes, Stack size 16 bytes, usart.o(i.Usart_Sendbyte))
<BR><BR>[Stack]<UL><LI>Max Depth = 16<LI>Call Chain = Usart_Sendbyte
</UL>
<BR>[Calls]<UL><LI><a href="#[6d]">&gt;&gt;</a>&nbsp;&nbsp;&nbsp;USART_SendData
<LI><a href="#[63]">&gt;&gt;</a>&nbsp;&nbsp;&nbsp;USART_GetFlagStatus
</UL>
<BR>[Called By]<UL><LI><a href="#[69]">&gt;&gt;</a>&nbsp;&nbsp;&nbsp;Ultrasonic_Ranging
</UL>

<P><STRONG><a name="[3a]"></a>__ARM_clz</STRONG> (Thumb, 46 bytes, Stack size 0 bytes, depilogue.o(i.__ARM_clz), UNUSED)
<BR><BR>[Called By]<UL><LI><a href="#[39]">&gt;&gt;</a>&nbsp;&nbsp;&nbsp;_double_epilogue
</UL>

<P><STRONG><a name="[3f]"></a>__ARM_common_switch8</STRONG> (Thumb, 28 bytes, Stack size 8 bytes, ht32f5xxxx_ckcu.o(i.__ARM_common_switch8))
<BR><BR>[Stack]<UL><LI>Max Depth = 8<LI>Call Chain = __ARM_common_switch8
</UL>
<BR>[Called By]<UL><LI><a href="#[3d]">&gt;&gt;</a>&nbsp;&nbsp;&nbsp;CKCU_GetClocksFrequency
</UL>

<P><STRONG><a name="[7e]"></a>__scatterload_copy</STRONG> (Thumb, 14 bytes, Stack size unknown bytes, handlers.o(i.__scatterload_copy), UNUSED)

<P><STRONG><a name="[7f]"></a>__scatterload_null</STRONG> (Thumb, 2 bytes, Stack size unknown bytes, handlers.o(i.__scatterload_null), UNUSED)

<P><STRONG><a name="[80]"></a>__scatterload_zeroinit</STRONG> (Thumb, 14 bytes, Stack size unknown bytes, handlers.o(i.__scatterload_zeroinit), UNUSED)

<P><STRONG><a name="[6c]"></a>clear_buff2</STRONG> (Thumb, 26 bytes, Stack size 0 bytes, usart.o(i.clear_buff2))
<BR><BR>[Called By]<UL><LI><a href="#[69]">&gt;&gt;</a>&nbsp;&nbsp;&nbsp;Ultrasonic_Ranging
</UL>

<P><STRONG><a name="[6b]"></a>delay_ms</STRONG> (Thumb, 26 bytes, Stack size 8 bytes, delay.o(i.delay_ms))
<BR><BR>[Stack]<UL><LI>Max Depth = 36<LI>Call Chain = delay_ms &rArr; delay_us &rArr; __aeabi_uidivmod
</UL>
<BR>[Calls]<UL><LI><a href="#[52]">&gt;&gt;</a>&nbsp;&nbsp;&nbsp;delay_us
</UL>
<BR>[Called By]<UL><LI><a href="#[69]">&gt;&gt;</a>&nbsp;&nbsp;&nbsp;Ultrasonic_Ranging
<LI><a href="#[26]">&gt;&gt;</a>&nbsp;&nbsp;&nbsp;main
</UL>

<P><STRONG><a name="[52]"></a>delay_us</STRONG> (Thumb, 90 bytes, Stack size 16 bytes, delay.o(i.delay_us))
<BR><BR>[Stack]<UL><LI>Max Depth = 28<LI>Call Chain = delay_us &rArr; __aeabi_uidivmod
</UL>
<BR>[Calls]<UL><LI><a href="#[6f]">&gt;&gt;</a>&nbsp;&nbsp;&nbsp;SYSTICK_SetReloadValue
<LI><a href="#[70]">&gt;&gt;</a>&nbsp;&nbsp;&nbsp;SYSTICK_IntConfig
<LI><a href="#[71]">&gt;&gt;</a>&nbsp;&nbsp;&nbsp;SYSTICK_CounterCmd
<LI><a href="#[6e]">&gt;&gt;</a>&nbsp;&nbsp;&nbsp;SYSTICK_ClockSourceConfig
<LI><a href="#[40]">&gt;&gt;</a>&nbsp;&nbsp;&nbsp;__aeabi_uidivmod
</UL>
<BR>[Called By]<UL><LI><a href="#[4d]">&gt;&gt;</a>&nbsp;&nbsp;&nbsp;HX711_Read_1
<LI><a href="#[6b]">&gt;&gt;</a>&nbsp;&nbsp;&nbsp;delay_ms
</UL>

<P><STRONG><a name="[26]"></a>main</STRONG> (Thumb, 60 bytes, Stack size 0 bytes, main.o(i.main))
<BR><BR>[Stack]<UL><LI>Max Depth = 116<LI>Call Chain = main &rArr; USART_Configuration &rArr; USART_Init &rArr; CKCU_GetPeripFrequency &rArr; CKCU_GetClocksFrequency &rArr; CKCU_GetPLLFrequency
</UL>
<BR>[Calls]<UL><LI><a href="#[6b]">&gt;&gt;</a>&nbsp;&nbsp;&nbsp;delay_ms
<LI><a href="#[69]">&gt;&gt;</a>&nbsp;&nbsp;&nbsp;Ultrasonic_Ranging
<LI><a href="#[65]">&gt;&gt;</a>&nbsp;&nbsp;&nbsp;USART_Configuration
<LI><a href="#[5b]">&gt;&gt;</a>&nbsp;&nbsp;&nbsp;TM_Capture_Configuration
<LI><a href="#[55]">&gt;&gt;</a>&nbsp;&nbsp;&nbsp;MCTM_PWM_init
<LI><a href="#[50]">&gt;&gt;</a>&nbsp;&nbsp;&nbsp;HX711_Init
<LI><a href="#[4e]">&gt;&gt;</a>&nbsp;&nbsp;&nbsp;Get_Weight
<LI><a href="#[4c]">&gt;&gt;</a>&nbsp;&nbsp;&nbsp;Get_Basic
</UL>
<BR>[Address Reference Count : 1]<UL><LI> entry9a.o(.ARM.Collect$$$$0000000B)
</UL><P>
<H3>
Local Symbols
</H3>
<P><STRONG><a name="[60]"></a>NVIC_EnableIRQ</STRONG> (Thumb, 14 bytes, Stack size 0 bytes, encoder.o(i.NVIC_EnableIRQ))
<BR><BR>[Called By]<UL><LI><a href="#[5b]">&gt;&gt;</a>&nbsp;&nbsp;&nbsp;TM_Capture_Configuration
</UL>

<P><STRONG><a name="[23]"></a>BootProcess</STRONG> (Thumb, 94 bytes, Stack size 0 bytes, startup_ht32f5xxxx_01.o(RESET))
<BR>[Address Reference Count : 1]<UL><LI> startup_ht32f5xxxx_01.o(RESET)
</UL>
<P><STRONG><a name="[61]"></a>_TM_CHx_Config</STRONG> (Thumb, 76 bytes, Stack size 36 bytes, ht32f5xxxx_tm.o(i._TM_CHx_Config))
<BR><BR>[Stack]<UL><LI>Max Depth = 36<LI>Call Chain = _TM_CHx_Config
</UL>
<BR>[Called By]<UL><LI><a href="#[5d]">&gt;&gt;</a>&nbsp;&nbsp;&nbsp;TM_ChExternalClockConfig
</UL>
<P>
<H3>
Undefined Global Symbols
</H3><HR></body></html>
