<html>
<body>
<pre>
<h1>µVision Build Log</h1>
<h2>Tool Versions:</h2>
IDE-Version: ¦ÌVision V5.24.2.86
Copyright (C) 2017 ARM Ltd and ARM Germany GmbH. All rights reserved.
License Information: 1 1, 11, LIC=PE7DL-09S8N-VE0HA-1B4YT-HAENE-SXDH9
 
Tool Versions:
Toolchain:       MDK-ARM Plus  Version: 5.18
Toolchain Path:  D:\KEIL5\keil5\ARM\ARMCC\Bin
C Compiler:      Armcc.exe V5.06 update 1 (build 61)
Assembler:       Armasm.exe V5.06 update 1 (build 61)
Linker/Locator:  ArmLink.exe V5.06 update 1 (build 61)
Library Manager: ArmAr.exe V5.06 update 1 (build 61)
Hex Converter:   FromElf.exe V5.06 update 1 (build 61)
CPU DLL:         SARMCM3.DLL V5.18
Dialog DLL:      DARMCM1.DLL V1.12.0.0
Target DLL:      CMSIS_AGDI.dll V1.25.7.0
Dialog DLL:      TARMCM1.DLL V1.9.0.0
 
<h2>Project:</h2>
D:\HT\software\HT_project\User\template.uvprojx
Project File Date:  04/15/2023

<h2>Output:</h2>
*** Using Compiler 'V5.06 update 1 (build 61)', folder: 'D:\KEIL5\keil5\ARM\ARMCC\Bin'
Build target 'Template'
assembling ht32_op.s...
assembling startup_ht32f5xxxx_01.s...
compiling system_ht32f5xxxx_01.c...
compiling delay.c...
compiling encoder.c...
compiling ht32f5xxxx_bftm.c...
compiling main.c...
compiling hx711.c...
compiling ht32f5xxxx_01_it.c...
compiling pwm.c...
compiling ht32_cm0plus_misc.c...
compiling ht32f5xxxx_adc.c...
compiling led.c...
compiling usart.c...
compiling ht32_usbd_core.c...
compiling ht32f5xxxx_ckcu.c...
compiling ht32f5xxxx_cmp.c...
compiling ht32f5xxxx_crc.c...
compiling ht32f5xxxx_ebi.c...
compiling ht32f5xxxx_exti.c...
compiling ht32f5xxxx_flash.c...
compiling ht32f5xxxx_gpio.c...
compiling ht32f5xxxx_i2s.c...
compiling ht32f5xxxx_i2c.c...
compiling ht32f5xxxx_mctm.c...
compiling ht32f5xxxx_pdma.c...
compiling ht32f5xxxx_pwrcu.c...
compiling ht32f5xxxx_rstcu.c...
compiling ht32f5xxxx_rtc.c...
compiling ht32f5xxxx_sci.c...
compiling ht32f5xxxx_usart.c...
compiling ht32f5xxxx_spi.c...
compiling ht32f5xxxx_tm.c...
compiling ht32f5xxxx_usbd.c...
compiling ht32_serial.c...
compiling ht32f5xxxx_wdt.c...
compiling ht32_retarget.c...
compiling i2c_eeprom.c...
compiling ht32_board.c...
linking...
Program Size: Code=5436 RO-data=32 RW-data=100 ZI-data=516  
FromELF: creating hex file...
"..\OBJ\template.axf" - 0 Error(s), 0 Warning(s).

<h2>Software Packages used:</h2>

Package Vendor: Holtek
                https://mcu.holtek.com.tw/pack/Holtek.HT32_DFP.1.0.44.pack
                Holtek.HT32_DFP.1.0.44
                Holtek HT32 Family Support

<h2>Collection of Component include folders:</h2>
  .\RTE\_Template
  D:\KEIL5\keil5\ARM\PACK\Holtek\HT32_DFP\1.0.44\ARM\INC\Holtek\HT32F5xxxx

<h2>Collection of Component Files used:</h2>
Build Time Elapsed:  00:00:04
</pre>
</body>
</html>
