<html>
<body>
<pre>
<h1>µVision Build Log</h1>
<h2>Tool Versions:</h2>
IDE-Version: ¦ÌVision V5.18.0.0
Copyright (C) 2016 ARM Ltd and ARM Germany GmbH. All rights reserved.
License Information: 1 1, 11, LIC=32B1Q-N8KJA-2ZXW4-FA7ZQ-F28WJ-I6L6X
 
Tool Versions:
Toolchain:       MDK-ARM Standard  Version: 5.18
Toolchain Path:  C:\zlg\KEIL5\keil5\ARM\ARMCC\Bin
C Compiler:      Armcc.exe V5.06 update 1 (build 61)
Assembler:       Armasm.exe V5.06 update 1 (build 61)
Linker/Locator:  ArmLink.exe V5.06 update 1 (build 61)
Library Manager: ArmAr.exe V5.06 update 1 (build 61)
Hex Converter:   FromElf.exe V5.06 update 1 (build 61)
CPU DLL:         SARMCM3.DLL V5.18
Dialog DLL:      DARMCM1.DLL V1.12.0.0
Target DLL:      CMSIS_AGDI.dll V1.25.7.0
Dialog DLL:      TARMCM1.DLL V1.9.0.0
 
<h2>Project:</h2>
C:\Users\16625\Desktop\HT_project\User\template.uvprojx
Project File Date:  04/22/2023

<h2>Output:</h2>
*** Using Compiler 'V5.06 update 1 (build 61)', folder: 'C:\zlg\KEIL5\keil5\ARM\ARMCC\Bin'
Build target 'Template'
compiling pwm.c...
linking...
Program Size: Code=5874 RO-data=2106 RW-data=76 ZI-data=516  
FromELF: creating hex file...
"..\OBJ\template.axf" - 0 Error(s), 0 Warning(s).

<h2>Collection of Component include folders:</h2>
  C:\Users\16625\Desktop\HT_project\User\RTE
  C:\zlg\KEIL5\keil5\ARM\PACK\Holtek\HT32_DFP\1.0.38\ARM\INC\Holtek\HT32F5xxxx

<h2>Collection of Component Files used:</h2>
Build Time Elapsed:  00:00:04
</pre>
</body>
</html>
